// Jest Snapshot v1, https://goo.gl/fbAQLP

exports[`App Snapshot Test should match the snapshot 1`] = `[]`;
